2026-08-12 16:49:53 - basemodel_training_rank_0 - INFO - === Basemodel Training Started ===
2026-08-12 16:49:53 - basemodel_training_rank_0 - INFO - Experiment Name: btc_usd_1h_test
2026-08-12 16:49:53 - basemodel_training_rank_0 - INFO - Log Directory: ./finetune_csv/finetuned//btc_usd_1h_test\logs
2026-08-12 16:49:53 - basemodel_training_rank_0 - INFO - Rank: 0
2026-08-12 16:49:53 - basemodel_training_rank_0 - INFO - Timestamp: 2026-08-12 16:49:53
2026-08-12 16:49:53 - basemodel_training_rank_0 - INFO - Loading fine-tuned tokenizer...
2026-08-12 16:49:54 - basemodel_training_rank_0 - INFO - Loading pretrained predictor...
2026-08-12 16:50:02 - basemodel_training_rank_0 - INFO - Model parameters: 24,741,376
2026-08-12 16:50:02 - basemodel_training_rank_0 - INFO - === Training Configuration ===
2026-08-12 16:50:02 - basemodel_training_rank_0 - INFO - Data path: ./data/BTC_USD_1h.csv
2026-08-12 16:50:02 - basemodel_training_rank_0 - INFO - Lookback window: 512
2026-08-12 16:50:02 - basemodel_training_rank_0 - INFO - Predict window: 48
2026-08-12 16:50:02 - basemodel_training_rank_0 - INFO - Batch size: 8
2026-08-12 16:50:02 - basemodel_training_rank_0 - INFO - Learning rate: 4e-06
2026-08-12 16:50:02 - basemodel_training_rank_0 - INFO - Training epochs: 1
2026-08-12 16:50:02 - basemodel_training_rank_0 - INFO - Device: cpu
2026-08-12 16:50:02 - basemodel_training_rank_0 - INFO - Tokenizer path: ./finetune_csv/finetuned//btc_usd_1h_test/tokenizer/best_model
2026-08-12 16:50:02 - basemodel_training_rank_0 - INFO - Pretrained model path: NeoQuasar/Kronos-small
2026-08-12 16:50:02 - basemodel_training_rank_0 - INFO - Starting fine-tuning training...
2026-08-12 16:50:02 - basemodel_training_rank_0 - INFO - Starting training...
2026-08-12 16:51:56 - basemodel_training_rank_0 - INFO - [Epoch 1/1, Step 10/1403] LR: 0.000001, Loss: 2.7172
2026-08-12 16:53:50 - basemodel_training_rank_0 - INFO - [Epoch 1/1, Step 20/1403] LR: 0.000002, Loss: 2.5081
2026-08-12 16:55:43 - basemodel_training_rank_0 - INFO - [Epoch 1/1, Step 30/1403] LR: 0.000003, Loss: 2.7170
2026-08-12 16:57:37 - basemodel_training_rank_0 - INFO - [Epoch 1/1, Step 40/1403] LR: 0.000004, Loss: 2.6855
2026-08-12 16:59:31 - basemodel_training_rank_0 - INFO - [Epoch 1/1, Step 50/1403] LR: 0.000004, Loss: 2.4665
2026-08-12 17:01:25 - basemodel_training_rank_0 - INFO - [Epoch 1/1, Step 60/1403] LR: 0.000004, Loss: 2.6127
2026-08-12 17:03:20 - basemodel_training_rank_0 - INFO - [Epoch 1/1, Step 70/1403] LR: 0.000004, Loss: 2.5489
2026-08-12 17:05:14 - basemodel_training_rank_0 - INFO - [Epoch 1/1, Step 80/1403] LR: 0.000004, Loss: 2.4812
2026-08-12 17:07:07 - basemodel_training_rank_0 - INFO - [Epoch 1/1, Step 90/1403] LR: 0.000004, Loss: 2.5024
2026-08-12 17:09:01 - basemodel_training_rank_0 - INFO - [Epoch 1/1, Step 100/1403] LR: 0.000004, Loss: 2.2299
2026-08-12 17:10:54 - basemodel_training_rank_0 - INFO - [Epoch 1/1, Step 110/1403] LR: 0.000004, Loss: 2.4882
2026-08-12 17:12:49 - basemodel_training_rank_0 - INFO - [Epoch 1/1, Step 120/1403] LR: 0.000004, Loss: 2.4606
2026-08-12 17:14:43 - basemodel_training_rank_0 - INFO - [Epoch 1/1, Step 130/1403] LR: 0.000004, Loss: 2.4887
2026-08-12 17:16:37 - basemodel_training_rank_0 - INFO - [Epoch 1/1, Step 140/1403] LR: 0.000004, Loss: 2.4345
2026-08-12 17:18:31 - basemodel_training_rank_0 - INFO - [Epoch 1/1, Step 150/1403] LR: 0.000004, Loss: 2.2171
2026-08-12 17:20:24 - basemodel_training_rank_0 - INFO - [Epoch 1/1, Step 160/1403] LR: 0.000004, Loss: 2.4213
2026-08-12 17:22:19 - basemodel_training_rank_0 - INFO - [Epoch 1/1, Step 170/1403] LR: 0.000004, Loss: 2.2415
2026-08-12 17:24:12 - basemodel_training_rank_0 - INFO - [Epoch 1/1, Step 180/1403] LR: 0.000004, Loss: 2.3273
2026-08-12 17:26:07 - basemodel_training_rank_0 - INFO - [Epoch 1/1, Step 190/1403] LR: 0.000004, Loss: 2.4715
2026-08-12 17:28:00 - basemodel_training_rank_0 - INFO - [Epoch 1/1, Step 200/1403] LR: 0.000004, Loss: 2.3926
2026-08-12 17:29:55 - basemodel_training_rank_0 - INFO - [Epoch 1/1, Step 210/1403] LR: 0.000004, Loss: 2.3589
2026-08-12 17:31:48 - basemodel_training_rank_0 - INFO - [Epoch 1/1, Step 220/1403] LR: 0.000004, Loss: 2.3275
2026-08-12 17:33:42 - basemodel_training_rank_0 - INFO - [Epoch 1/1, Step 230/1403] LR: 0.000004, Loss: 2.3910
2026-08-12 17:35:36 - basemodel_training_rank_0 - INFO - [Epoch 1/1, Step 240/1403] LR: 0.000004, Loss: 2.3588
2026-08-12 17:37:29 - basemodel_training_rank_0 - INFO - [Epoch 1/1, Step 250/1403] LR: 0.000004, Loss: 2.2696
2026-08-12 17:39:23 - basemodel_training_rank_0 - INFO - [Epoch 1/1, Step 260/1403] LR: 0.000004, Loss: 2.4588
2026-08-12 17:41:17 - basemodel_training_rank_0 - INFO - [Epoch 1/1, Step 270/1403] LR: 0.000004, Loss: 2.2954
2026-08-12 17:43:12 - basemodel_training_rank_0 - INFO - [Epoch 1/1, Step 280/1403] LR: 0.000004, Loss: 2.3956
2026-08-12 17:45:05 - basemodel_training_rank_0 - INFO - [Epoch 1/1, Step 290/1403] LR: 0.000004, Loss: 2.3214
2026-08-12 17:46:59 - basemodel_training_rank_0 - INFO - [Epoch 1/1, Step 300/1403] LR: 0.000004, Loss: 2.1339
2026-08-12 17:48:53 - basemodel_training_rank_0 - INFO - [Epoch 1/1, Step 310/1403] LR: 0.000004, Loss: 2.3335
2026-08-12 17:50:47 - basemodel_training_rank_0 - INFO - [Epoch 1/1, Step 320/1403] LR: 0.000004, Loss: 2.2053
2026-08-12 17:52:41 - basemodel_training_rank_0 - INFO - [Epoch 1/1, Step 330/1403] LR: 0.000004, Loss: 2.2852
2026-08-12 17:54:35 - basemodel_training_rank_0 - INFO - [Epoch 1/1, Step 340/1403] LR: 0.000004, Loss: 2.2996
2026-08-12 17:56:27 - basemodel_training_rank_0 - INFO - [Epoch 1/1, Step 350/1403] LR: 0.000004, Loss: 2.2283
2026-08-12 17:58:16 - basemodel_training_rank_0 - INFO - [Epoch 1/1, Step 360/1403] LR: 0.000003, Loss: 2.3051
2026-08-12 18:00:05 - basemodel_training_rank_0 - INFO - [Epoch 1/1, Step 370/1403] LR: 0.000003, Loss: 2.2937
2026-08-12 18:01:54 - basemodel_training_rank_0 - INFO - [Epoch 1/1, Step 380/1403] LR: 0.000003, Loss: 2.2512
2026-08-12 18:03:43 - basemodel_training_rank_0 - INFO - [Epoch 1/1, Step 390/1403] LR: 0.000003, Loss: 2.2405
2026-08-12 18:05:33 - basemodel_training_rank_0 - INFO - [Epoch 1/1, Step 400/1403] LR: 0.000003, Loss: 2.1953
2026-08-12 18:07:22 - basemodel_training_rank_0 - INFO - [Epoch 1/1, Step 410/1403] LR: 0.000003, Loss: 2.2648
2026-08-12 18:09:10 - basemodel_training_rank_0 - INFO - [Epoch 1/1, Step 420/1403] LR: 0.000003, Loss: 2.3231
2026-08-12 18:11:00 - basemodel_training_rank_0 - INFO - [Epoch 1/1, Step 430/1403] LR: 0.000003, Loss: 2.3481
2026-08-12 18:12:48 - basemodel_training_rank_0 - INFO - [Epoch 1/1, Step 440/1403] LR: 0.000003, Loss: 2.2166
2026-08-12 18:14:36 - basemodel_training_rank_0 - INFO - [Epoch 1/1, Step 450/1403] LR: 0.000003, Loss: 2.3512
2026-08-12 18:16:26 - basemodel_training_rank_0 - INFO - [Epoch 1/1, Step 460/1403] LR: 0.000003, Loss: 2.2741
2026-08-12 18:18:15 - basemodel_training_rank_0 - INFO - [Epoch 1/1, Step 470/1403] LR: 0.000003, Loss: 2.3154
2026-08-12 18:20:03 - basemodel_training_rank_0 - INFO - [Epoch 1/1, Step 480/1403] LR: 0.000003, Loss: 2.3083
2026-08-12 18:21:53 - basemodel_training_rank_0 - INFO - [Epoch 1/1, Step 490/1403] LR: 0.000003, Loss: 2.1633
2026-08-12 18:23:43 - basemodel_training_rank_0 - INFO - [Epoch 1/1, Step 500/1403] LR: 0.000003, Loss: 2.1410
2026-08-12 18:25:32 - basemodel_training_rank_0 - INFO - [Epoch 1/1, Step 510/1403] LR: 0.000003, Loss: 2.1671
2026-08-12 18:27:21 - basemodel_training_rank_0 - INFO - [Epoch 1/1, Step 520/1403] LR: 0.000003, Loss: 2.3290
2026-08-12 18:29:09 - basemodel_training_rank_0 - INFO - [Epoch 1/1, Step 530/1403] LR: 0.000003, Loss: 2.3629
2026-08-12 18:30:59 - basemodel_training_rank_0 - INFO - [Epoch 1/1, Step 540/1403] LR: 0.000003, Loss: 2.2437
2026-08-12 18:32:48 - basemodel_training_rank_0 - INFO - [Epoch 1/1, Step 550/1403] LR: 0.000003, Loss: 2.2478
2026-08-12 18:34:37 - basemodel_training_rank_0 - INFO - [Epoch 1/1, Step 560/1403] LR: 0.000003, Loss: 2.2467
2026-08-12 18:36:26 - basemodel_training_rank_0 - INFO - [Epoch 1/1, Step 570/1403] LR: 0.000003, Loss: 2.1972
2026-08-12 18:38:15 - basemodel_training_rank_0 - INFO - [Epoch 1/1, Step 580/1403] LR: 0.000003, Loss: 2.2702
2026-08-12 18:40:04 - basemodel_training_rank_0 - INFO - [Epoch 1/1, Step 590/1403] LR: 0.000003, Loss: 2.2504
2026-08-12 18:41:57 - basemodel_training_rank_0 - INFO - [Epoch 1/1, Step 600/1403] LR: 0.000003, Loss: 2.1049
2026-08-12 18:43:45 - basemodel_training_rank_0 - INFO - [Epoch 1/1, Step 610/1403] LR: 0.000003, Loss: 2.2045
2026-08-12 18:45:42 - basemodel_training_rank_0 - INFO - [Epoch 1/1, Step 620/1403] LR: 0.000002, Loss: 2.2393
2026-08-12 18:47:37 - basemodel_training_rank_0 - INFO - [Epoch 1/1, Step 630/1403] LR: 0.000002, Loss: 2.2632
2026-08-12 18:49:33 - basemodel_training_rank_0 - INFO - [Epoch 1/1, Step 640/1403] LR: 0.000002, Loss: 2.3268
2026-08-12 18:51:29 - basemodel_training_rank_0 - INFO - [Epoch 1/1, Step 650/1403] LR: 0.000002, Loss: 2.3205
2026-08-12 18:53:19 - basemodel_training_rank_0 - INFO - [Epoch 1/1, Step 660/1403] LR: 0.000002, Loss: 2.4441
2026-08-12 18:55:08 - basemodel_training_rank_0 - INFO - [Epoch 1/1, Step 670/1403] LR: 0.000002, Loss: 2.2919
2026-08-12 18:57:03 - basemodel_training_rank_0 - INFO - [Epoch 1/1, Step 680/1403] LR: 0.000002, Loss: 2.3448
2026-08-12 18:58:57 - basemodel_training_rank_0 - INFO - [Epoch 1/1, Step 690/1403] LR: 0.000002, Loss: 2.1700
2026-08-12 19:00:51 - basemodel_training_rank_0 - INFO - [Epoch 1/1, Step 700/1403] LR: 0.000002, Loss: 2.3312
2026-08-12 19:02:45 - basemodel_training_rank_0 - INFO - [Epoch 1/1, Step 710/1403] LR: 0.000002, Loss: 2.2694
2026-08-12 19:04:39 - basemodel_training_rank_0 - INFO - [Epoch 1/1, Step 720/1403] LR: 0.000002, Loss: 2.2413
2026-08-12 19:06:34 - basemodel_training_rank_0 - INFO - [Epoch 1/1, Step 730/1403] LR: 0.000002, Loss: 2.2410
2026-08-12 19:08:28 - basemodel_training_rank_0 - INFO - [Epoch 1/1, Step 740/1403] LR: 0.000002, Loss: 2.2078
2026-08-12 19:10:22 - basemodel_training_rank_0 - INFO - [Epoch 1/1, Step 750/1403] LR: 0.000002, Loss: 2.2015
2026-08-12 19:12:10 - basemodel_training_rank_0 - INFO - [Epoch 1/1, Step 760/1403] LR: 0.000002, Loss: 2.2953
2026-08-12 19:13:59 - basemodel_training_rank_0 - INFO - [Epoch 1/1, Step 770/1403] LR: 0.000002, Loss: 2.2768
2026-08-12 19:15:47 - basemodel_training_rank_0 - INFO - [Epoch 1/1, Step 780/1403] LR: 0.000002, Loss: 2.1450
2026-08-12 19:17:37 - basemodel_training_rank_0 - INFO - [Epoch 1/1, Step 790/1403] LR: 0.000002, Loss: 2.3534
2026-08-12 19:19:26 - basemodel_training_rank_0 - INFO - [Epoch 1/1, Step 800/1403] LR: 0.000002, Loss: 2.3216
2026-08-12 19:21:15 - basemodel_training_rank_0 - INFO - [Epoch 1/1, Step 810/1403] LR: 0.000002, Loss: 2.2346
2026-08-12 19:23:03 - basemodel_training_rank_0 - INFO - [Epoch 1/1, Step 820/1403] LR: 0.000002, Loss: 2.2990
2026-08-12 19:24:52 - basemodel_training_rank_0 - INFO - [Epoch 1/1, Step 830/1403] LR: 0.000002, Loss: 2.2418
2026-08-12 19:26:42 - basemodel_training_rank_0 - INFO - [Epoch 1/1, Step 840/1403] LR: 0.000001, Loss: 2.2998
2026-08-12 19:28:36 - basemodel_training_rank_0 - INFO - [Epoch 1/1, Step 850/1403] LR: 0.000001, Loss: 2.0891
2026-08-12 19:30:29 - basemodel_training_rank_0 - INFO - [Epoch 1/1, Step 860/1403] LR: 0.000001, Loss: 2.1583
2026-08-12 19:32:20 - basemodel_training_rank_0 - INFO - [Epoch 1/1, Step 870/1403] LR: 0.000001, Loss: 2.3293
2026-08-12 19:34:12 - basemodel_training_rank_0 - INFO - [Epoch 1/1, Step 880/1403] LR: 0.000001, Loss: 2.1975
2026-08-12 19:36:01 - basemodel_training_rank_0 - INFO - [Epoch 1/1, Step 890/1403] LR: 0.000001, Loss: 2.1376
2026-08-12 19:37:49 - basemodel_training_rank_0 - INFO - [Epoch 1/1, Step 900/1403] LR: 0.000001, Loss: 2.1393
2026-08-12 19:39:38 - basemodel_training_rank_0 - INFO - [Epoch 1/1, Step 910/1403] LR: 0.000001, Loss: 2.2223
2026-08-12 19:41:27 - basemodel_training_rank_0 - INFO - [Epoch 1/1, Step 920/1403] LR: 0.000001, Loss: 2.3097
2026-08-12 19:43:15 - basemodel_training_rank_0 - INFO - [Epoch 1/1, Step 930/1403] LR: 0.000001, Loss: 2.2981
2026-08-12 19:45:03 - basemodel_training_rank_0 - INFO - [Epoch 1/1, Step 940/1403] LR: 0.000001, Loss: 2.3184
2026-08-12 19:46:52 - basemodel_training_rank_0 - INFO - [Epoch 1/1, Step 950/1403] LR: 0.000001, Loss: 2.2695
2026-08-12 19:48:40 - basemodel_training_rank_0 - INFO - [Epoch 1/1, Step 960/1403] LR: 0.000001, Loss: 2.1209
2026-08-12 19:50:28 - basemodel_training_rank_0 - INFO - [Epoch 1/1, Step 970/1403] LR: 0.000001, Loss: 2.0945
2026-08-12 19:52:16 - basemodel_training_rank_0 - INFO - [Epoch 1/1, Step 980/1403] LR: 0.000001, Loss: 2.2296
2026-08-12 19:54:05 - basemodel_training_rank_0 - INFO - [Epoch 1/1, Step 990/1403] LR: 0.000001, Loss: 2.2346
2026-08-12 19:55:54 - basemodel_training_rank_0 - INFO - [Epoch 1/1, Step 1000/1403] LR: 0.000001, Loss: 2.1916
2026-08-12 19:57:43 - basemodel_training_rank_0 - INFO - [Epoch 1/1, Step 1010/1403] LR: 0.000001, Loss: 2.3427
2026-08-12 19:59:31 - basemodel_training_rank_0 - INFO - [Epoch 1/1, Step 1020/1403] LR: 0.000001, Loss: 2.4000
2026-08-12 20:01:20 - basemodel_training_rank_0 - INFO - [Epoch 1/1, Step 1030/1403] LR: 0.000001, Loss: 2.1504
2026-08-12 20:03:08 - basemodel_training_rank_0 - INFO - [Epoch 1/1, Step 1040/1403] LR: 0.000001, Loss: 2.1566
2026-08-12 20:04:56 - basemodel_training_rank_0 - INFO - [Epoch 1/1, Step 1050/1403] LR: 0.000001, Loss: 2.1534
2026-08-12 20:06:43 - basemodel_training_rank_0 - INFO - [Epoch 1/1, Step 1060/1403] LR: 0.000001, Loss: 2.2605
2026-08-12 20:08:31 - basemodel_training_rank_0 - INFO - [Epoch 1/1, Step 1070/1403] LR: 0.000001, Loss: 2.2733
2026-08-12 20:10:18 - basemodel_training_rank_0 - INFO - [Epoch 1/1, Step 1080/1403] LR: 0.000001, Loss: 2.1517
2026-08-12 20:12:06 - basemodel_training_rank_0 - INFO - [Epoch 1/1, Step 1090/1403] LR: 0.000000, Loss: 2.0969
2026-08-12 20:13:54 - basemodel_training_rank_0 - INFO - [Epoch 1/1, Step 1100/1403] LR: 0.000000, Loss: 2.1998
2026-08-12 20:15:41 - basemodel_training_rank_0 - INFO - [Epoch 1/1, Step 1110/1403] LR: 0.000000, Loss: 2.2124
2026-08-12 20:17:28 - basemodel_training_rank_0 - INFO - [Epoch 1/1, Step 1120/1403] LR: 0.000000, Loss: 2.1650
2026-08-12 20:19:16 - basemodel_training_rank_0 - INFO - [Epoch 1/1, Step 1130/1403] LR: 0.000000, Loss: 2.1331
2026-08-12 20:21:03 - basemodel_training_rank_0 - INFO - [Epoch 1/1, Step 1140/1403] LR: 0.000000, Loss: 2.2277
2026-08-12 20:22:51 - basemodel_training_rank_0 - INFO - [Epoch 1/1, Step 1150/1403] LR: 0.000000, Loss: 2.2433
2026-08-12 20:24:39 - basemodel_training_rank_0 - INFO - [Epoch 1/1, Step 1160/1403] LR: 0.000000, Loss: 2.2449
2026-08-12 20:26:26 - basemodel_training_rank_0 - INFO - [Epoch 1/1, Step 1170/1403] LR: 0.000000, Loss: 2.2985
2026-08-12 20:28:14 - basemodel_training_rank_0 - INFO - [Epoch 1/1, Step 1180/1403] LR: 0.000000, Loss: 2.3749
2026-08-12 20:30:02 - basemodel_training_rank_0 - INFO - [Epoch 1/1, Step 1190/1403] LR: 0.000000, Loss: 2.2766
2026-08-12 20:31:49 - basemodel_training_rank_0 - INFO - [Epoch 1/1, Step 1200/1403] LR: 0.000000, Loss: 2.1128
2026-08-12 20:33:36 - basemodel_training_rank_0 - INFO - [Epoch 1/1, Step 1210/1403] LR: 0.000000, Loss: 2.3256
2026-08-12 20:35:24 - basemodel_training_rank_0 - INFO - [Epoch 1/1, Step 1220/1403] LR: 0.000000, Loss: 2.1583
2026-08-12 20:37:15 - basemodel_training_rank_0 - INFO - [Epoch 1/1, Step 1230/1403] LR: 0.000000, Loss: 2.1429
2026-08-12 20:39:11 - basemodel_training_rank_0 - INFO - [Epoch 1/1, Step 1240/1403] LR: 0.000000, Loss: 2.1406
2026-08-12 20:41:04 - basemodel_training_rank_0 - INFO - [Epoch 1/1, Step 1250/1403] LR: 0.000000, Loss: 2.2777
2026-08-12 20:43:02 - basemodel_training_rank_0 - INFO - [Epoch 1/1, Step 1260/1403] LR: 0.000000, Loss: 2.1306
2026-08-12 20:45:01 - basemodel_training_rank_0 - INFO - [Epoch 1/1, Step 1270/1403] LR: 0.000000, Loss: 2.2461
2026-08-12 20:47:04 - basemodel_training_rank_0 - INFO - [Epoch 1/1, Step 1280/1403] LR: 0.000000, Loss: 2.3650
2026-08-12 20:49:30 - basemodel_training_rank_0 - INFO - [Epoch 1/1, Step 1290/1403] LR: 0.000000, Loss: 2.2100
2026-08-12 20:51:29 - basemodel_training_rank_0 - INFO - [Epoch 1/1, Step 1300/1403] LR: 0.000000, Loss: 2.2651
2026-08-12 20:53:31 - basemodel_training_rank_0 - INFO - [Epoch 1/1, Step 1310/1403] LR: 0.000000, Loss: 2.1575
2026-08-12 20:55:34 - basemodel_training_rank_0 - INFO - [Epoch 1/1, Step 1320/1403] LR: 0.000000, Loss: 2.2318
2026-08-12 20:57:50 - basemodel_training_rank_0 - INFO - [Epoch 1/1, Step 1330/1403] LR: 0.000000, Loss: 2.1889
2026-08-12 20:59:51 - basemodel_training_rank_0 - INFO - [Epoch 1/1, Step 1340/1403] LR: 0.000000, Loss: 2.2710
2026-08-12 21:01:46 - basemodel_training_rank_0 - INFO - [Epoch 1/1, Step 1350/1403] LR: 0.000000, Loss: 2.3052
2026-08-12 21:03:37 - basemodel_training_rank_0 - INFO - [Epoch 1/1, Step 1360/1403] LR: 0.000000, Loss: 2.2423
2026-08-12 21:05:29 - basemodel_training_rank_0 - INFO - [Epoch 1/1, Step 1370/1403] LR: 0.000000, Loss: 2.3828
2026-08-12 21:07:20 - basemodel_training_rank_0 - INFO - [Epoch 1/1, Step 1380/1403] LR: 0.000000, Loss: 2.2747
2026-08-12 21:09:11 - basemodel_training_rank_0 - INFO - [Epoch 1/1, Step 1390/1403] LR: 0.000000, Loss: 2.2203
2026-08-12 21:11:02 - basemodel_training_rank_0 - INFO - [Epoch 1/1, Step 1400/1403] LR: 0.000000, Loss: 2.2463
2026-08-12 21:15:32 - basemodel_training_rank_0 - INFO - 
--- Epoch 1/1 Summary ---
Training Loss: 2.2762
Validation Loss: 2.5519
Epoch Time: 15929.89 seconds

2026-08-12 21:15:32 - basemodel_training_rank_0 - INFO - Best model saved to: ./finetune_csv/finetuned//btc_usd_1h_test\basemodel\best_model (validation loss: 2.5519)
2026-08-12 21:15:32 - basemodel_training_rank_0 - INFO - Basemodel training completed! Best validation loss: 2.5519
Training time: 265.50 minutes
Model saved to: ./finetune_csv/finetuned//btc_usd_1h_test\basemodel
