2026-08-12 15:49:33 - tokenizer_training_rank_0 - INFO - === Tokenizer Training Started ===
2026-08-12 15:49:33 - tokenizer_training_rank_0 - INFO - Experiment Name: btc_usd_1h_test
2026-08-12 15:49:33 - tokenizer_training_rank_0 - INFO - Log Directory: ./finetune_csv/finetuned//btc_usd_1h_test\logs
2026-08-12 15:49:33 - tokenizer_training_rank_0 - INFO - Rank: 0
2026-08-12 15:49:33 - tokenizer_training_rank_0 - INFO - Timestamp: 2026-08-12 15:49:33
2026-08-12 15:49:33 - tokenizer_training_rank_0 - INFO - Loading pretrained tokenizer...
2026-08-12 15:49:42 - tokenizer_training_rank_0 - INFO - Tokenizer parameters: 3,958,042
2026-08-12 15:49:42 - tokenizer_training_rank_0 - INFO - === Training Configuration ===
2026-08-12 15:49:42 - tokenizer_training_rank_0 - INFO - Data path: ./data/BTC_USD_1h.csv
2026-08-12 15:49:42 - tokenizer_training_rank_0 - INFO - Lookback window: 512
2026-08-12 15:49:42 - tokenizer_training_rank_0 - INFO - Predict window: 48
2026-08-12 15:49:42 - tokenizer_training_rank_0 - INFO - Batch size: 8
2026-08-12 15:49:42 - tokenizer_training_rank_0 - INFO - Learning rate: 0.0002
2026-08-12 15:49:42 - tokenizer_training_rank_0 - INFO - Training epochs: 1
2026-08-12 15:49:42 - tokenizer_training_rank_0 - INFO - Device: cpu
2026-08-12 15:49:42 - tokenizer_training_rank_0 - INFO - Distributed training: False
2026-08-12 15:49:42 - tokenizer_training_rank_0 - INFO - Starting tokenizer fine-tuning training...
2026-08-12 15:49:42 - tokenizer_training_rank_0 - INFO - Starting tokenizer training...
2026-08-12 15:50:10 - tokenizer_training_rank_0 - INFO - [Epoch 1/1, Step 10/1403] LR: 0.000045, Loss: -0.0285
2026-08-12 15:50:10 - tokenizer_training_rank_0 - INFO -   - VQ Loss: -0.0704
  - Recon Loss Pre: 0.0092
  - Recon Loss All: 0.0041
2026-08-12 15:50:35 - tokenizer_training_rank_0 - INFO - [Epoch 1/1, Step 20/1403] LR: 0.000106, Loss: -0.0296
2026-08-12 15:50:35 - tokenizer_training_rank_0 - INFO -   - VQ Loss: -0.0706
  - Recon Loss Pre: 0.0072
  - Recon Loss All: 0.0042
2026-08-12 15:50:59 - tokenizer_training_rank_0 - INFO - [Epoch 1/1, Step 30/1403] LR: 0.000170, Loss: -0.0292
2026-08-12 15:50:59 - tokenizer_training_rank_0 - INFO -   - VQ Loss: -0.0706
  - Recon Loss Pre: 0.0082
  - Recon Loss All: 0.0040
2026-08-12 15:51:24 - tokenizer_training_rank_0 - INFO - [Epoch 1/1, Step 40/1403] LR: 0.000200, Loss: -0.0295
2026-08-12 15:51:24 - tokenizer_training_rank_0 - INFO -   - VQ Loss: -0.0704
  - Recon Loss Pre: 0.0074
  - Recon Loss All: 0.0040
2026-08-12 15:51:48 - tokenizer_training_rank_0 - INFO - [Epoch 1/1, Step 50/1403] LR: 0.000200, Loss: -0.0299
2026-08-12 15:51:48 - tokenizer_training_rank_0 - INFO -   - VQ Loss: -0.0705
  - Recon Loss Pre: 0.0069
  - Recon Loss All: 0.0038
2026-08-12 15:52:14 - tokenizer_training_rank_0 - INFO - [Epoch 1/1, Step 60/1403] LR: 0.000200, Loss: -0.0303
2026-08-12 15:52:14 - tokenizer_training_rank_0 - INFO -   - VQ Loss: -0.0705
  - Recon Loss Pre: 0.0064
  - Recon Loss All: 0.0035
2026-08-12 15:52:39 - tokenizer_training_rank_0 - INFO - [Epoch 1/1, Step 70/1403] LR: 0.000200, Loss: -0.0300
2026-08-12 15:52:39 - tokenizer_training_rank_0 - INFO -   - VQ Loss: -0.0704
  - Recon Loss Pre: 0.0066
  - Recon Loss All: 0.0038
2026-08-12 15:53:05 - tokenizer_training_rank_0 - INFO - [Epoch 1/1, Step 80/1403] LR: 0.000200, Loss: -0.0297
2026-08-12 15:53:05 - tokenizer_training_rank_0 - INFO -   - VQ Loss: -0.0703
  - Recon Loss Pre: 0.0069
  - Recon Loss All: 0.0039
2026-08-12 15:53:31 - tokenizer_training_rank_0 - INFO - [Epoch 1/1, Step 90/1403] LR: 0.000199, Loss: -0.0299
2026-08-12 15:53:31 - tokenizer_training_rank_0 - INFO -   - VQ Loss: -0.0704
  - Recon Loss Pre: 0.0068
  - Recon Loss All: 0.0038
2026-08-12 15:53:55 - tokenizer_training_rank_0 - INFO - [Epoch 1/1, Step 100/1403] LR: 0.000199, Loss: -0.0293
2026-08-12 15:53:55 - tokenizer_training_rank_0 - INFO -   - VQ Loss: -0.0706
  - Recon Loss Pre: 0.0083
  - Recon Loss All: 0.0037
2026-08-12 15:54:23 - tokenizer_training_rank_0 - INFO - [Epoch 1/1, Step 110/1403] LR: 0.000199, Loss: -0.0304
2026-08-12 15:54:23 - tokenizer_training_rank_0 - INFO -   - VQ Loss: -0.0706
  - Recon Loss Pre: 0.0063
  - Recon Loss All: 0.0035
2026-08-12 15:54:50 - tokenizer_training_rank_0 - INFO - [Epoch 1/1, Step 120/1403] LR: 0.000198, Loss: -0.0295
2026-08-12 15:54:50 - tokenizer_training_rank_0 - INFO -   - VQ Loss: -0.0706
  - Recon Loss Pre: 0.0073
  - Recon Loss All: 0.0043
2026-08-12 15:55:16 - tokenizer_training_rank_0 - INFO - [Epoch 1/1, Step 130/1403] LR: 0.000198, Loss: -0.0300
2026-08-12 15:55:16 - tokenizer_training_rank_0 - INFO -   - VQ Loss: -0.0705
  - Recon Loss Pre: 0.0067
  - Recon Loss All: 0.0038
2026-08-12 15:55:43 - tokenizer_training_rank_0 - INFO - [Epoch 1/1, Step 140/1403] LR: 0.000197, Loss: -0.0308
2026-08-12 15:55:43 - tokenizer_training_rank_0 - INFO -   - VQ Loss: -0.0707
  - Recon Loss Pre: 0.0058
  - Recon Loss All: 0.0033
2026-08-12 15:56:08 - tokenizer_training_rank_0 - INFO - [Epoch 1/1, Step 150/1403] LR: 0.000197, Loss: -0.0291
2026-08-12 15:56:08 - tokenizer_training_rank_0 - INFO -   - VQ Loss: -0.0705
  - Recon Loss Pre: 0.0078
  - Recon Loss All: 0.0044
2026-08-12 15:56:34 - tokenizer_training_rank_0 - INFO - [Epoch 1/1, Step 160/1403] LR: 0.000196, Loss: -0.0294
2026-08-12 15:56:34 - tokenizer_training_rank_0 - INFO -   - VQ Loss: -0.0704
  - Recon Loss Pre: 0.0077
  - Recon Loss All: 0.0040
2026-08-12 15:56:59 - tokenizer_training_rank_0 - INFO - [Epoch 1/1, Step 170/1403] LR: 0.000196, Loss: -0.0298
2026-08-12 15:56:59 - tokenizer_training_rank_0 - INFO -   - VQ Loss: -0.0704
  - Recon Loss Pre: 0.0072
  - Recon Loss All: 0.0037
2026-08-12 15:57:24 - tokenizer_training_rank_0 - INFO - [Epoch 1/1, Step 180/1403] LR: 0.000195, Loss: -0.0300
2026-08-12 15:57:24 - tokenizer_training_rank_0 - INFO -   - VQ Loss: -0.0705
  - Recon Loss Pre: 0.0068
  - Recon Loss All: 0.0036
2026-08-12 15:57:48 - tokenizer_training_rank_0 - INFO - [Epoch 1/1, Step 190/1403] LR: 0.000194, Loss: -0.0297
2026-08-12 15:57:48 - tokenizer_training_rank_0 - INFO -   - VQ Loss: -0.0705
  - Recon Loss Pre: 0.0072
  - Recon Loss All: 0.0039
2026-08-12 15:58:12 - tokenizer_training_rank_0 - INFO - [Epoch 1/1, Step 200/1403] LR: 0.000193, Loss: -0.0307
2026-08-12 15:58:12 - tokenizer_training_rank_0 - INFO -   - VQ Loss: -0.0707
  - Recon Loss Pre: 0.0059
  - Recon Loss All: 0.0032
2026-08-12 15:58:37 - tokenizer_training_rank_0 - INFO - [Epoch 1/1, Step 210/1403] LR: 0.000192, Loss: -0.0303
2026-08-12 15:58:37 - tokenizer_training_rank_0 - INFO -   - VQ Loss: -0.0706
  - Recon Loss Pre: 0.0066
  - Recon Loss All: 0.0035
2026-08-12 15:59:02 - tokenizer_training_rank_0 - INFO - [Epoch 1/1, Step 220/1403] LR: 0.000192, Loss: -0.0299
2026-08-12 15:59:02 - tokenizer_training_rank_0 - INFO -   - VQ Loss: -0.0705
  - Recon Loss Pre: 0.0069
  - Recon Loss All: 0.0038
2026-08-12 15:59:27 - tokenizer_training_rank_0 - INFO - [Epoch 1/1, Step 230/1403] LR: 0.000191, Loss: -0.0303
2026-08-12 15:59:27 - tokenizer_training_rank_0 - INFO -   - VQ Loss: -0.0706
  - Recon Loss Pre: 0.0064
  - Recon Loss All: 0.0036
2026-08-12 15:59:51 - tokenizer_training_rank_0 - INFO - [Epoch 1/1, Step 240/1403] LR: 0.000190, Loss: -0.0301
2026-08-12 15:59:51 - tokenizer_training_rank_0 - INFO -   - VQ Loss: -0.0707
  - Recon Loss Pre: 0.0068
  - Recon Loss All: 0.0037
2026-08-12 16:00:16 - tokenizer_training_rank_0 - INFO - [Epoch 1/1, Step 250/1403] LR: 0.000189, Loss: -0.0305
2026-08-12 16:00:16 - tokenizer_training_rank_0 - INFO -   - VQ Loss: -0.0707
  - Recon Loss Pre: 0.0061
  - Recon Loss All: 0.0035
2026-08-12 16:00:41 - tokenizer_training_rank_0 - INFO - [Epoch 1/1, Step 260/1403] LR: 0.000188, Loss: -0.0303
2026-08-12 16:00:41 - tokenizer_training_rank_0 - INFO -   - VQ Loss: -0.0706
  - Recon Loss Pre: 0.0062
  - Recon Loss All: 0.0037
2026-08-12 16:01:06 - tokenizer_training_rank_0 - INFO - [Epoch 1/1, Step 270/1403] LR: 0.000186, Loss: -0.0305
2026-08-12 16:01:06 - tokenizer_training_rank_0 - INFO -   - VQ Loss: -0.0706
  - Recon Loss Pre: 0.0062
  - Recon Loss All: 0.0034
2026-08-12 16:01:31 - tokenizer_training_rank_0 - INFO - [Epoch 1/1, Step 280/1403] LR: 0.000185, Loss: -0.0305
2026-08-12 16:01:31 - tokenizer_training_rank_0 - INFO -   - VQ Loss: -0.0707
  - Recon Loss Pre: 0.0063
  - Recon Loss All: 0.0034
2026-08-12 16:01:56 - tokenizer_training_rank_0 - INFO - [Epoch 1/1, Step 290/1403] LR: 0.000184, Loss: -0.0304
2026-08-12 16:01:56 - tokenizer_training_rank_0 - INFO -   - VQ Loss: -0.0706
  - Recon Loss Pre: 0.0062
  - Recon Loss All: 0.0036
2026-08-12 16:02:20 - tokenizer_training_rank_0 - INFO - [Epoch 1/1, Step 300/1403] LR: 0.000183, Loss: -0.0300
2026-08-12 16:02:20 - tokenizer_training_rank_0 - INFO -   - VQ Loss: -0.0706
  - Recon Loss Pre: 0.0069
  - Recon Loss All: 0.0038
2026-08-12 16:02:47 - tokenizer_training_rank_0 - INFO - [Epoch 1/1, Step 310/1403] LR: 0.000181, Loss: -0.0305
2026-08-12 16:02:47 - tokenizer_training_rank_0 - INFO -   - VQ Loss: -0.0705
  - Recon Loss Pre: 0.0062
  - Recon Loss All: 0.0034
2026-08-12 16:03:13 - tokenizer_training_rank_0 - INFO - [Epoch 1/1, Step 320/1403] LR: 0.000180, Loss: -0.0307
2026-08-12 16:03:13 - tokenizer_training_rank_0 - INFO -   - VQ Loss: -0.0706
  - Recon Loss Pre: 0.0061
  - Recon Loss All: 0.0033
2026-08-12 16:03:38 - tokenizer_training_rank_0 - INFO - [Epoch 1/1, Step 330/1403] LR: 0.000179, Loss: -0.0302
2026-08-12 16:03:38 - tokenizer_training_rank_0 - INFO -   - VQ Loss: -0.0706
  - Recon Loss Pre: 0.0066
  - Recon Loss All: 0.0037
2026-08-12 16:04:03 - tokenizer_training_rank_0 - INFO - [Epoch 1/1, Step 340/1403] LR: 0.000177, Loss: -0.0302
2026-08-12 16:04:03 - tokenizer_training_rank_0 - INFO -   - VQ Loss: -0.0705
  - Recon Loss Pre: 0.0064
  - Recon Loss All: 0.0038
2026-08-12 16:04:27 - tokenizer_training_rank_0 - INFO - [Epoch 1/1, Step 350/1403] LR: 0.000176, Loss: -0.0299
2026-08-12 16:04:27 - tokenizer_training_rank_0 - INFO -   - VQ Loss: -0.0707
  - Recon Loss Pre: 0.0070
  - Recon Loss All: 0.0038
2026-08-12 16:04:52 - tokenizer_training_rank_0 - INFO - [Epoch 1/1, Step 360/1403] LR: 0.000174, Loss: -0.0305
2026-08-12 16:04:52 - tokenizer_training_rank_0 - INFO -   - VQ Loss: -0.0707
  - Recon Loss Pre: 0.0062
  - Recon Loss All: 0.0034
2026-08-12 16:05:17 - tokenizer_training_rank_0 - INFO - [Epoch 1/1, Step 370/1403] LR: 0.000173, Loss: -0.0302
2026-08-12 16:05:17 - tokenizer_training_rank_0 - INFO -   - VQ Loss: -0.0708
  - Recon Loss Pre: 0.0066
  - Recon Loss All: 0.0038
2026-08-12 16:05:43 - tokenizer_training_rank_0 - INFO - [Epoch 1/1, Step 380/1403] LR: 0.000171, Loss: -0.0298
2026-08-12 16:05:43 - tokenizer_training_rank_0 - INFO -   - VQ Loss: -0.0707
  - Recon Loss Pre: 0.0070
  - Recon Loss All: 0.0041
2026-08-12 16:06:07 - tokenizer_training_rank_0 - INFO - [Epoch 1/1, Step 390/1403] LR: 0.000169, Loss: -0.0305
2026-08-12 16:06:07 - tokenizer_training_rank_0 - INFO -   - VQ Loss: -0.0707
  - Recon Loss Pre: 0.0062
  - Recon Loss All: 0.0035
2026-08-12 16:06:30 - tokenizer_training_rank_0 - INFO - [Epoch 1/1, Step 400/1403] LR: 0.000168, Loss: -0.0308
2026-08-12 16:06:30 - tokenizer_training_rank_0 - INFO -   - VQ Loss: -0.0707
  - Recon Loss Pre: 0.0059
  - Recon Loss All: 0.0033
2026-08-12 16:06:54 - tokenizer_training_rank_0 - INFO - [Epoch 1/1, Step 410/1403] LR: 0.000166, Loss: -0.0308
2026-08-12 16:06:54 - tokenizer_training_rank_0 - INFO -   - VQ Loss: -0.0707
  - Recon Loss Pre: 0.0059
  - Recon Loss All: 0.0032
2026-08-12 16:07:19 - tokenizer_training_rank_0 - INFO - [Epoch 1/1, Step 420/1403] LR: 0.000164, Loss: -0.0306
2026-08-12 16:07:19 - tokenizer_training_rank_0 - INFO -   - VQ Loss: -0.0707
  - Recon Loss Pre: 0.0062
  - Recon Loss All: 0.0034
2026-08-12 16:07:44 - tokenizer_training_rank_0 - INFO - [Epoch 1/1, Step 430/1403] LR: 0.000162, Loss: -0.0307
2026-08-12 16:07:44 - tokenizer_training_rank_0 - INFO -   - VQ Loss: -0.0708
  - Recon Loss Pre: 0.0061
  - Recon Loss All: 0.0033
2026-08-12 16:08:09 - tokenizer_training_rank_0 - INFO - [Epoch 1/1, Step 440/1403] LR: 0.000161, Loss: -0.0306
2026-08-12 16:08:09 - tokenizer_training_rank_0 - INFO -   - VQ Loss: -0.0708
  - Recon Loss Pre: 0.0061
  - Recon Loss All: 0.0034
2026-08-12 16:08:34 - tokenizer_training_rank_0 - INFO - [Epoch 1/1, Step 450/1403] LR: 0.000159, Loss: -0.0307
2026-08-12 16:08:34 - tokenizer_training_rank_0 - INFO -   - VQ Loss: -0.0708
  - Recon Loss Pre: 0.0060
  - Recon Loss All: 0.0035
2026-08-12 16:08:59 - tokenizer_training_rank_0 - INFO - [Epoch 1/1, Step 460/1403] LR: 0.000157, Loss: -0.0307
2026-08-12 16:08:59 - tokenizer_training_rank_0 - INFO -   - VQ Loss: -0.0708
  - Recon Loss Pre: 0.0060
  - Recon Loss All: 0.0034
2026-08-12 16:09:24 - tokenizer_training_rank_0 - INFO - [Epoch 1/1, Step 470/1403] LR: 0.000155, Loss: -0.0306
2026-08-12 16:09:24 - tokenizer_training_rank_0 - INFO -   - VQ Loss: -0.0709
  - Recon Loss Pre: 0.0062
  - Recon Loss All: 0.0035
2026-08-12 16:09:49 - tokenizer_training_rank_0 - INFO - [Epoch 1/1, Step 480/1403] LR: 0.000153, Loss: -0.0300
2026-08-12 16:09:49 - tokenizer_training_rank_0 - INFO -   - VQ Loss: -0.0707
  - Recon Loss Pre: 0.0069
  - Recon Loss All: 0.0038
2026-08-12 16:10:14 - tokenizer_training_rank_0 - INFO - [Epoch 1/1, Step 490/1403] LR: 0.000151, Loss: -0.0311
2026-08-12 16:10:14 - tokenizer_training_rank_0 - INFO -   - VQ Loss: -0.0710
  - Recon Loss Pre: 0.0055
  - Recon Loss All: 0.0032
2026-08-12 16:10:39 - tokenizer_training_rank_0 - INFO - [Epoch 1/1, Step 500/1403] LR: 0.000149, Loss: -0.0305
2026-08-12 16:10:39 - tokenizer_training_rank_0 - INFO -   - VQ Loss: -0.0707
  - Recon Loss Pre: 0.0062
  - Recon Loss All: 0.0035
2026-08-12 16:11:05 - tokenizer_training_rank_0 - INFO - [Epoch 1/1, Step 510/1403] LR: 0.000147, Loss: -0.0307
2026-08-12 16:11:05 - tokenizer_training_rank_0 - INFO -   - VQ Loss: -0.0708
  - Recon Loss Pre: 0.0058
  - Recon Loss All: 0.0035
2026-08-12 16:11:30 - tokenizer_training_rank_0 - INFO - [Epoch 1/1, Step 520/1403] LR: 0.000145, Loss: -0.0304
2026-08-12 16:11:30 - tokenizer_training_rank_0 - INFO -   - VQ Loss: -0.0708
  - Recon Loss Pre: 0.0065
  - Recon Loss All: 0.0035
2026-08-12 16:11:55 - tokenizer_training_rank_0 - INFO - [Epoch 1/1, Step 530/1403] LR: 0.000143, Loss: -0.0303
2026-08-12 16:11:55 - tokenizer_training_rank_0 - INFO -   - VQ Loss: -0.0708
  - Recon Loss Pre: 0.0064
  - Recon Loss All: 0.0037
2026-08-12 16:12:20 - tokenizer_training_rank_0 - INFO - [Epoch 1/1, Step 540/1403] LR: 0.000141, Loss: -0.0307
2026-08-12 16:12:20 - tokenizer_training_rank_0 - INFO -   - VQ Loss: -0.0707
  - Recon Loss Pre: 0.0061
  - Recon Loss All: 0.0033
2026-08-12 16:12:45 - tokenizer_training_rank_0 - INFO - [Epoch 1/1, Step 550/1403] LR: 0.000139, Loss: -0.0312
2026-08-12 16:12:45 - tokenizer_training_rank_0 - INFO -   - VQ Loss: -0.0709
  - Recon Loss Pre: 0.0054
  - Recon Loss All: 0.0031
2026-08-12 16:13:10 - tokenizer_training_rank_0 - INFO - [Epoch 1/1, Step 560/1403] LR: 0.000136, Loss: -0.0307
2026-08-12 16:13:10 - tokenizer_training_rank_0 - INFO -   - VQ Loss: -0.0708
  - Recon Loss Pre: 0.0061
  - Recon Loss All: 0.0034
2026-08-12 16:13:36 - tokenizer_training_rank_0 - INFO - [Epoch 1/1, Step 570/1403] LR: 0.000134, Loss: -0.0312
2026-08-12 16:13:36 - tokenizer_training_rank_0 - INFO -   - VQ Loss: -0.0710
  - Recon Loss Pre: 0.0055
  - Recon Loss All: 0.0031
2026-08-12 16:14:01 - tokenizer_training_rank_0 - INFO - [Epoch 1/1, Step 580/1403] LR: 0.000132, Loss: -0.0305
2026-08-12 16:14:01 - tokenizer_training_rank_0 - INFO -   - VQ Loss: -0.0708
  - Recon Loss Pre: 0.0062
  - Recon Loss All: 0.0035
2026-08-12 16:14:26 - tokenizer_training_rank_0 - INFO - [Epoch 1/1, Step 590/1403] LR: 0.000130, Loss: -0.0306
2026-08-12 16:14:26 - tokenizer_training_rank_0 - INFO -   - VQ Loss: -0.0709
  - Recon Loss Pre: 0.0063
  - Recon Loss All: 0.0035
2026-08-12 16:14:51 - tokenizer_training_rank_0 - INFO - [Epoch 1/1, Step 600/1403] LR: 0.000128, Loss: -0.0301
2026-08-12 16:14:51 - tokenizer_training_rank_0 - INFO -   - VQ Loss: -0.0707
  - Recon Loss Pre: 0.0069
  - Recon Loss All: 0.0036
2026-08-12 16:15:16 - tokenizer_training_rank_0 - INFO - [Epoch 1/1, Step 610/1403] LR: 0.000125, Loss: -0.0302
2026-08-12 16:15:16 - tokenizer_training_rank_0 - INFO -   - VQ Loss: -0.0708
  - Recon Loss Pre: 0.0067
  - Recon Loss All: 0.0038
2026-08-12 16:15:41 - tokenizer_training_rank_0 - INFO - [Epoch 1/1, Step 620/1403] LR: 0.000123, Loss: -0.0309
2026-08-12 16:15:41 - tokenizer_training_rank_0 - INFO -   - VQ Loss: -0.0710
  - Recon Loss Pre: 0.0059
  - Recon Loss All: 0.0032
2026-08-12 16:16:07 - tokenizer_training_rank_0 - INFO - [Epoch 1/1, Step 630/1403] LR: 0.000121, Loss: -0.0309
2026-08-12 16:16:07 - tokenizer_training_rank_0 - INFO -   - VQ Loss: -0.0709
  - Recon Loss Pre: 0.0058
  - Recon Loss All: 0.0033
2026-08-12 16:16:32 - tokenizer_training_rank_0 - INFO - [Epoch 1/1, Step 640/1403] LR: 0.000119, Loss: -0.0308
2026-08-12 16:16:32 - tokenizer_training_rank_0 - INFO -   - VQ Loss: -0.0708
  - Recon Loss Pre: 0.0058
  - Recon Loss All: 0.0034
2026-08-12 16:16:57 - tokenizer_training_rank_0 - INFO - [Epoch 1/1, Step 650/1403] LR: 0.000116, Loss: -0.0306
2026-08-12 16:16:57 - tokenizer_training_rank_0 - INFO -   - VQ Loss: -0.0708
  - Recon Loss Pre: 0.0061
  - Recon Loss All: 0.0035
2026-08-12 16:17:23 - tokenizer_training_rank_0 - INFO - [Epoch 1/1, Step 660/1403] LR: 0.000114, Loss: -0.0304
2026-08-12 16:17:23 - tokenizer_training_rank_0 - INFO -   - VQ Loss: -0.0708
  - Recon Loss Pre: 0.0063
  - Recon Loss All: 0.0036
2026-08-12 16:17:48 - tokenizer_training_rank_0 - INFO - [Epoch 1/1, Step 670/1403] LR: 0.000112, Loss: -0.0304
2026-08-12 16:17:48 - tokenizer_training_rank_0 - INFO -   - VQ Loss: -0.0709
  - Recon Loss Pre: 0.0069
  - Recon Loss All: 0.0033
2026-08-12 16:18:13 - tokenizer_training_rank_0 - INFO - [Epoch 1/1, Step 680/1403] LR: 0.000110, Loss: -0.0310
2026-08-12 16:18:13 - tokenizer_training_rank_0 - INFO -   - VQ Loss: -0.0709
  - Recon Loss Pre: 0.0056
  - Recon Loss All: 0.0033
2026-08-12 16:18:38 - tokenizer_training_rank_0 - INFO - [Epoch 1/1, Step 690/1403] LR: 0.000107, Loss: -0.0308
2026-08-12 16:18:38 - tokenizer_training_rank_0 - INFO -   - VQ Loss: -0.0709
  - Recon Loss Pre: 0.0062
  - Recon Loss All: 0.0031
2026-08-12 16:19:03 - tokenizer_training_rank_0 - INFO - [Epoch 1/1, Step 700/1403] LR: 0.000105, Loss: -0.0309
2026-08-12 16:19:03 - tokenizer_training_rank_0 - INFO -   - VQ Loss: -0.0709
  - Recon Loss Pre: 0.0059
  - Recon Loss All: 0.0032
2026-08-12 16:19:29 - tokenizer_training_rank_0 - INFO - [Epoch 1/1, Step 710/1403] LR: 0.000103, Loss: -0.0315
2026-08-12 16:19:29 - tokenizer_training_rank_0 - INFO -   - VQ Loss: -0.0711
  - Recon Loss Pre: 0.0052
  - Recon Loss All: 0.0029
2026-08-12 16:19:54 - tokenizer_training_rank_0 - INFO - [Epoch 1/1, Step 720/1403] LR: 0.000100, Loss: -0.0306
2026-08-12 16:19:54 - tokenizer_training_rank_0 - INFO -   - VQ Loss: -0.0708
  - Recon Loss Pre: 0.0061
  - Recon Loss All: 0.0035
2026-08-12 16:20:19 - tokenizer_training_rank_0 - INFO - [Epoch 1/1, Step 730/1403] LR: 0.000098, Loss: -0.0304
2026-08-12 16:20:19 - tokenizer_training_rank_0 - INFO -   - VQ Loss: -0.0707
  - Recon Loss Pre: 0.0063
  - Recon Loss All: 0.0037
2026-08-12 16:20:44 - tokenizer_training_rank_0 - INFO - [Epoch 1/1, Step 740/1403] LR: 0.000096, Loss: -0.0302
2026-08-12 16:20:44 - tokenizer_training_rank_0 - INFO -   - VQ Loss: -0.0709
  - Recon Loss Pre: 0.0067
  - Recon Loss All: 0.0037
2026-08-12 16:21:09 - tokenizer_training_rank_0 - INFO - [Epoch 1/1, Step 750/1403] LR: 0.000093, Loss: -0.0304
2026-08-12 16:21:09 - tokenizer_training_rank_0 - INFO -   - VQ Loss: -0.0709
  - Recon Loss Pre: 0.0066
  - Recon Loss All: 0.0035
2026-08-12 16:21:35 - tokenizer_training_rank_0 - INFO - [Epoch 1/1, Step 760/1403] LR: 0.000091, Loss: -0.0310
2026-08-12 16:21:35 - tokenizer_training_rank_0 - INFO -   - VQ Loss: -0.0710
  - Recon Loss Pre: 0.0058
  - Recon Loss All: 0.0032
2026-08-12 16:22:00 - tokenizer_training_rank_0 - INFO - [Epoch 1/1, Step 770/1403] LR: 0.000089, Loss: -0.0305
2026-08-12 16:22:00 - tokenizer_training_rank_0 - INFO -   - VQ Loss: -0.0709
  - Recon Loss Pre: 0.0065
  - Recon Loss All: 0.0034
2026-08-12 16:22:25 - tokenizer_training_rank_0 - INFO - [Epoch 1/1, Step 780/1403] LR: 0.000087, Loss: -0.0306
2026-08-12 16:22:25 - tokenizer_training_rank_0 - INFO -   - VQ Loss: -0.0708
  - Recon Loss Pre: 0.0063
  - Recon Loss All: 0.0033
2026-08-12 16:22:51 - tokenizer_training_rank_0 - INFO - [Epoch 1/1, Step 790/1403] LR: 0.000084, Loss: -0.0306
2026-08-12 16:22:51 - tokenizer_training_rank_0 - INFO -   - VQ Loss: -0.0709
  - Recon Loss Pre: 0.0062
  - Recon Loss All: 0.0035
2026-08-12 16:23:16 - tokenizer_training_rank_0 - INFO - [Epoch 1/1, Step 800/1403] LR: 0.000082, Loss: -0.0306
2026-08-12 16:23:16 - tokenizer_training_rank_0 - INFO -   - VQ Loss: -0.0708
  - Recon Loss Pre: 0.0061
  - Recon Loss All: 0.0035
2026-08-12 16:23:42 - tokenizer_training_rank_0 - INFO - [Epoch 1/1, Step 810/1403] LR: 0.000080, Loss: -0.0304
2026-08-12 16:23:42 - tokenizer_training_rank_0 - INFO -   - VQ Loss: -0.0708
  - Recon Loss Pre: 0.0064
  - Recon Loss All: 0.0035
2026-08-12 16:24:07 - tokenizer_training_rank_0 - INFO - [Epoch 1/1, Step 820/1403] LR: 0.000077, Loss: -0.0306
2026-08-12 16:24:07 - tokenizer_training_rank_0 - INFO -   - VQ Loss: -0.0708
  - Recon Loss Pre: 0.0062
  - Recon Loss All: 0.0035
2026-08-12 16:24:32 - tokenizer_training_rank_0 - INFO - [Epoch 1/1, Step 830/1403] LR: 0.000075, Loss: -0.0301
2026-08-12 16:24:32 - tokenizer_training_rank_0 - INFO -   - VQ Loss: -0.0708
  - Recon Loss Pre: 0.0068
  - Recon Loss All: 0.0038
2026-08-12 16:24:58 - tokenizer_training_rank_0 - INFO - [Epoch 1/1, Step 840/1403] LR: 0.000073, Loss: -0.0311
2026-08-12 16:24:58 - tokenizer_training_rank_0 - INFO -   - VQ Loss: -0.0710
  - Recon Loss Pre: 0.0057
  - Recon Loss All: 0.0031
2026-08-12 16:25:23 - tokenizer_training_rank_0 - INFO - [Epoch 1/1, Step 850/1403] LR: 0.000071, Loss: -0.0303
2026-08-12 16:25:23 - tokenizer_training_rank_0 - INFO -   - VQ Loss: -0.0708
  - Recon Loss Pre: 0.0067
  - Recon Loss All: 0.0035
2026-08-12 16:25:48 - tokenizer_training_rank_0 - INFO - [Epoch 1/1, Step 860/1403] LR: 0.000069, Loss: -0.0301
2026-08-12 16:25:48 - tokenizer_training_rank_0 - INFO -   - VQ Loss: -0.0707
  - Recon Loss Pre: 0.0067
  - Recon Loss All: 0.0038
2026-08-12 16:26:13 - tokenizer_training_rank_0 - INFO - [Epoch 1/1, Step 870/1403] LR: 0.000066, Loss: -0.0307
2026-08-12 16:26:13 - tokenizer_training_rank_0 - INFO -   - VQ Loss: -0.0708
  - Recon Loss Pre: 0.0059
  - Recon Loss All: 0.0034
2026-08-12 16:26:38 - tokenizer_training_rank_0 - INFO - [Epoch 1/1, Step 880/1403] LR: 0.000064, Loss: -0.0307
2026-08-12 16:26:38 - tokenizer_training_rank_0 - INFO -   - VQ Loss: -0.0708
  - Recon Loss Pre: 0.0061
  - Recon Loss All: 0.0034
2026-08-12 16:27:03 - tokenizer_training_rank_0 - INFO - [Epoch 1/1, Step 890/1403] LR: 0.000062, Loss: -0.0309
2026-08-12 16:27:03 - tokenizer_training_rank_0 - INFO -   - VQ Loss: -0.0710
  - Recon Loss Pre: 0.0058
  - Recon Loss All: 0.0033
2026-08-12 16:27:29 - tokenizer_training_rank_0 - INFO - [Epoch 1/1, Step 900/1403] LR: 0.000060, Loss: -0.0308
2026-08-12 16:27:29 - tokenizer_training_rank_0 - INFO -   - VQ Loss: -0.0709
  - Recon Loss Pre: 0.0061
  - Recon Loss All: 0.0032
2026-08-12 16:27:54 - tokenizer_training_rank_0 - INFO - [Epoch 1/1, Step 910/1403] LR: 0.000058, Loss: -0.0312
2026-08-12 16:27:54 - tokenizer_training_rank_0 - INFO -   - VQ Loss: -0.0710
  - Recon Loss Pre: 0.0056
  - Recon Loss All: 0.0030
2026-08-12 16:28:19 - tokenizer_training_rank_0 - INFO - [Epoch 1/1, Step 920/1403] LR: 0.000056, Loss: -0.0312
2026-08-12 16:28:19 - tokenizer_training_rank_0 - INFO -   - VQ Loss: -0.0710
  - Recon Loss Pre: 0.0055
  - Recon Loss All: 0.0030
2026-08-12 16:28:44 - tokenizer_training_rank_0 - INFO - [Epoch 1/1, Step 930/1403] LR: 0.000054, Loss: -0.0305
2026-08-12 16:28:44 - tokenizer_training_rank_0 - INFO -   - VQ Loss: -0.0708
  - Recon Loss Pre: 0.0061
  - Recon Loss All: 0.0036
2026-08-12 16:29:10 - tokenizer_training_rank_0 - INFO - [Epoch 1/1, Step 940/1403] LR: 0.000052, Loss: -0.0305
2026-08-12 16:29:10 - tokenizer_training_rank_0 - INFO -   - VQ Loss: -0.0709
  - Recon Loss Pre: 0.0063
  - Recon Loss All: 0.0037
2026-08-12 16:29:35 - tokenizer_training_rank_0 - INFO - [Epoch 1/1, Step 950/1403] LR: 0.000050, Loss: -0.0308
2026-08-12 16:29:35 - tokenizer_training_rank_0 - INFO -   - VQ Loss: -0.0708
  - Recon Loss Pre: 0.0058
  - Recon Loss All: 0.0034
2026-08-12 16:30:00 - tokenizer_training_rank_0 - INFO - [Epoch 1/1, Step 960/1403] LR: 0.000048, Loss: -0.0315
2026-08-12 16:30:00 - tokenizer_training_rank_0 - INFO -   - VQ Loss: -0.0710
  - Recon Loss Pre: 0.0050
  - Recon Loss All: 0.0030
2026-08-12 16:30:25 - tokenizer_training_rank_0 - INFO - [Epoch 1/1, Step 970/1403] LR: 0.000046, Loss: -0.0301
2026-08-12 16:30:25 - tokenizer_training_rank_0 - INFO -   - VQ Loss: -0.0708
  - Recon Loss Pre: 0.0066
  - Recon Loss All: 0.0041
2026-08-12 16:30:50 - tokenizer_training_rank_0 - INFO - [Epoch 1/1, Step 980/1403] LR: 0.000044, Loss: -0.0304
2026-08-12 16:30:50 - tokenizer_training_rank_0 - INFO -   - VQ Loss: -0.0708
  - Recon Loss Pre: 0.0066
  - Recon Loss All: 0.0035
2026-08-12 16:31:16 - tokenizer_training_rank_0 - INFO - [Epoch 1/1, Step 990/1403] LR: 0.000042, Loss: -0.0301
2026-08-12 16:31:16 - tokenizer_training_rank_0 - INFO -   - VQ Loss: -0.0708
  - Recon Loss Pre: 0.0069
  - Recon Loss All: 0.0036
2026-08-12 16:31:41 - tokenizer_training_rank_0 - INFO - [Epoch 1/1, Step 1000/1403] LR: 0.000040, Loss: -0.0307
2026-08-12 16:31:41 - tokenizer_training_rank_0 - INFO -   - VQ Loss: -0.0708
  - Recon Loss Pre: 0.0060
  - Recon Loss All: 0.0034
2026-08-12 16:32:06 - tokenizer_training_rank_0 - INFO - [Epoch 1/1, Step 1010/1403] LR: 0.000038, Loss: -0.0303
2026-08-12 16:32:06 - tokenizer_training_rank_0 - INFO -   - VQ Loss: -0.0708
  - Recon Loss Pre: 0.0065
  - Recon Loss All: 0.0036
2026-08-12 16:32:31 - tokenizer_training_rank_0 - INFO - [Epoch 1/1, Step 1020/1403] LR: 0.000036, Loss: -0.0303
2026-08-12 16:32:31 - tokenizer_training_rank_0 - INFO -   - VQ Loss: -0.0709
  - Recon Loss Pre: 0.0065
  - Recon Loss All: 0.0038
2026-08-12 16:32:56 - tokenizer_training_rank_0 - INFO - [Epoch 1/1, Step 1030/1403] LR: 0.000035, Loss: -0.0311
2026-08-12 16:32:56 - tokenizer_training_rank_0 - INFO -   - VQ Loss: -0.0710
  - Recon Loss Pre: 0.0055
  - Recon Loss All: 0.0032
2026-08-12 16:33:21 - tokenizer_training_rank_0 - INFO - [Epoch 1/1, Step 1040/1403] LR: 0.000033, Loss: -0.0309
2026-08-12 16:33:21 - tokenizer_training_rank_0 - INFO -   - VQ Loss: -0.0710
  - Recon Loss Pre: 0.0059
  - Recon Loss All: 0.0033
2026-08-12 16:33:47 - tokenizer_training_rank_0 - INFO - [Epoch 1/1, Step 1050/1403] LR: 0.000031, Loss: -0.0306
2026-08-12 16:33:47 - tokenizer_training_rank_0 - INFO -   - VQ Loss: -0.0709
  - Recon Loss Pre: 0.0062
  - Recon Loss All: 0.0035
2026-08-12 16:34:12 - tokenizer_training_rank_0 - INFO - [Epoch 1/1, Step 1060/1403] LR: 0.000030, Loss: -0.0309
2026-08-12 16:34:12 - tokenizer_training_rank_0 - INFO -   - VQ Loss: -0.0709
  - Recon Loss Pre: 0.0060
  - Recon Loss All: 0.0032
2026-08-12 16:34:37 - tokenizer_training_rank_0 - INFO - [Epoch 1/1, Step 1070/1403] LR: 0.000028, Loss: -0.0308
2026-08-12 16:34:37 - tokenizer_training_rank_0 - INFO -   - VQ Loss: -0.0709
  - Recon Loss Pre: 0.0060
  - Recon Loss All: 0.0034
2026-08-12 16:35:03 - tokenizer_training_rank_0 - INFO - [Epoch 1/1, Step 1080/1403] LR: 0.000026, Loss: -0.0308
2026-08-12 16:35:03 - tokenizer_training_rank_0 - INFO -   - VQ Loss: -0.0709
  - Recon Loss Pre: 0.0060
  - Recon Loss All: 0.0033
2026-08-12 16:35:28 - tokenizer_training_rank_0 - INFO - [Epoch 1/1, Step 1090/1403] LR: 0.000025, Loss: -0.0313
2026-08-12 16:35:28 - tokenizer_training_rank_0 - INFO -   - VQ Loss: -0.0710
  - Recon Loss Pre: 0.0052
  - Recon Loss All: 0.0031
2026-08-12 16:35:53 - tokenizer_training_rank_0 - INFO - [Epoch 1/1, Step 1100/1403] LR: 0.000023, Loss: -0.0307
2026-08-12 16:35:53 - tokenizer_training_rank_0 - INFO -   - VQ Loss: -0.0709
  - Recon Loss Pre: 0.0063
  - Recon Loss All: 0.0032
2026-08-12 16:36:19 - tokenizer_training_rank_0 - INFO - [Epoch 1/1, Step 1110/1403] LR: 0.000022, Loss: -0.0315
2026-08-12 16:36:19 - tokenizer_training_rank_0 - INFO -   - VQ Loss: -0.0711
  - Recon Loss Pre: 0.0053
  - Recon Loss All: 0.0029
2026-08-12 16:36:44 - tokenizer_training_rank_0 - INFO - [Epoch 1/1, Step 1120/1403] LR: 0.000020, Loss: -0.0308
2026-08-12 16:36:44 - tokenizer_training_rank_0 - INFO -   - VQ Loss: -0.0709
  - Recon Loss Pre: 0.0059
  - Recon Loss All: 0.0035
2026-08-12 16:37:09 - tokenizer_training_rank_0 - INFO - [Epoch 1/1, Step 1130/1403] LR: 0.000019, Loss: -0.0310
2026-08-12 16:37:09 - tokenizer_training_rank_0 - INFO -   - VQ Loss: -0.0709
  - Recon Loss Pre: 0.0056
  - Recon Loss All: 0.0033
2026-08-12 16:37:34 - tokenizer_training_rank_0 - INFO - [Epoch 1/1, Step 1140/1403] LR: 0.000018, Loss: -0.0311
2026-08-12 16:37:34 - tokenizer_training_rank_0 - INFO -   - VQ Loss: -0.0710
  - Recon Loss Pre: 0.0057
  - Recon Loss All: 0.0032
2026-08-12 16:38:00 - tokenizer_training_rank_0 - INFO - [Epoch 1/1, Step 1150/1403] LR: 0.000016, Loss: -0.0302
2026-08-12 16:38:00 - tokenizer_training_rank_0 - INFO -   - VQ Loss: -0.0709
  - Recon Loss Pre: 0.0068
  - Recon Loss All: 0.0038
2026-08-12 16:38:25 - tokenizer_training_rank_0 - INFO - [Epoch 1/1, Step 1160/1403] LR: 0.000015, Loss: -0.0309
2026-08-12 16:38:25 - tokenizer_training_rank_0 - INFO -   - VQ Loss: -0.0709
  - Recon Loss Pre: 0.0057
  - Recon Loss All: 0.0033
2026-08-12 16:38:50 - tokenizer_training_rank_0 - INFO - [Epoch 1/1, Step 1170/1403] LR: 0.000014, Loss: -0.0307
2026-08-12 16:38:50 - tokenizer_training_rank_0 - INFO -   - VQ Loss: -0.0708
  - Recon Loss Pre: 0.0061
  - Recon Loss All: 0.0035
2026-08-12 16:39:15 - tokenizer_training_rank_0 - INFO - [Epoch 1/1, Step 1180/1403] LR: 0.000013, Loss: -0.0311
2026-08-12 16:39:15 - tokenizer_training_rank_0 - INFO -   - VQ Loss: -0.0710
  - Recon Loss Pre: 0.0057
  - Recon Loss All: 0.0031
2026-08-12 16:39:42 - tokenizer_training_rank_0 - INFO - [Epoch 1/1, Step 1190/1403] LR: 0.000012, Loss: -0.0305
2026-08-12 16:39:42 - tokenizer_training_rank_0 - INFO -   - VQ Loss: -0.0709
  - Recon Loss Pre: 0.0063
  - Recon Loss All: 0.0035
2026-08-12 16:40:07 - tokenizer_training_rank_0 - INFO - [Epoch 1/1, Step 1200/1403] LR: 0.000011, Loss: -0.0306
2026-08-12 16:40:07 - tokenizer_training_rank_0 - INFO -   - VQ Loss: -0.0707
  - Recon Loss Pre: 0.0061
  - Recon Loss All: 0.0034
2026-08-12 16:40:32 - tokenizer_training_rank_0 - INFO - [Epoch 1/1, Step 1210/1403] LR: 0.000010, Loss: -0.0308
2026-08-12 16:40:32 - tokenizer_training_rank_0 - INFO -   - VQ Loss: -0.0709
  - Recon Loss Pre: 0.0059
  - Recon Loss All: 0.0034
2026-08-12 16:40:58 - tokenizer_training_rank_0 - INFO - [Epoch 1/1, Step 1220/1403] LR: 0.000009, Loss: -0.0309
2026-08-12 16:40:58 - tokenizer_training_rank_0 - INFO -   - VQ Loss: -0.0710
  - Recon Loss Pre: 0.0059
  - Recon Loss All: 0.0033
2026-08-12 16:41:23 - tokenizer_training_rank_0 - INFO - [Epoch 1/1, Step 1230/1403] LR: 0.000008, Loss: -0.0308
2026-08-12 16:41:23 - tokenizer_training_rank_0 - INFO -   - VQ Loss: -0.0710
  - Recon Loss Pre: 0.0064
  - Recon Loss All: 0.0029
2026-08-12 16:41:48 - tokenizer_training_rank_0 - INFO - [Epoch 1/1, Step 1240/1403] LR: 0.000007, Loss: -0.0309
2026-08-12 16:41:48 - tokenizer_training_rank_0 - INFO -   - VQ Loss: -0.0709
  - Recon Loss Pre: 0.0058
  - Recon Loss All: 0.0033
2026-08-12 16:42:14 - tokenizer_training_rank_0 - INFO - [Epoch 1/1, Step 1250/1403] LR: 0.000006, Loss: -0.0312
2026-08-12 16:42:14 - tokenizer_training_rank_0 - INFO -   - VQ Loss: -0.0710
  - Recon Loss Pre: 0.0057
  - Recon Loss All: 0.0029
2026-08-12 16:42:39 - tokenizer_training_rank_0 - INFO - [Epoch 1/1, Step 1260/1403] LR: 0.000005, Loss: -0.0310
2026-08-12 16:42:39 - tokenizer_training_rank_0 - INFO -   - VQ Loss: -0.0709
  - Recon Loss Pre: 0.0057
  - Recon Loss All: 0.0032
2026-08-12 16:43:04 - tokenizer_training_rank_0 - INFO - [Epoch 1/1, Step 1270/1403] LR: 0.000005, Loss: -0.0307
2026-08-12 16:43:04 - tokenizer_training_rank_0 - INFO -   - VQ Loss: -0.0709
  - Recon Loss Pre: 0.0061
  - Recon Loss All: 0.0034
2026-08-12 16:43:29 - tokenizer_training_rank_0 - INFO - [Epoch 1/1, Step 1280/1403] LR: 0.000004, Loss: -0.0310
2026-08-12 16:43:29 - tokenizer_training_rank_0 - INFO -   - VQ Loss: -0.0710
  - Recon Loss Pre: 0.0059
  - Recon Loss All: 0.0031
2026-08-12 16:43:55 - tokenizer_training_rank_0 - INFO - [Epoch 1/1, Step 1290/1403] LR: 0.000003, Loss: -0.0312
2026-08-12 16:43:55 - tokenizer_training_rank_0 - INFO -   - VQ Loss: -0.0709
  - Recon Loss Pre: 0.0053
  - Recon Loss All: 0.0032
2026-08-12 16:44:20 - tokenizer_training_rank_0 - INFO - [Epoch 1/1, Step 1300/1403] LR: 0.000003, Loss: -0.0311
2026-08-12 16:44:20 - tokenizer_training_rank_0 - INFO -   - VQ Loss: -0.0710
  - Recon Loss Pre: 0.0056
  - Recon Loss All: 0.0031
2026-08-12 16:44:45 - tokenizer_training_rank_0 - INFO - [Epoch 1/1, Step 1310/1403] LR: 0.000002, Loss: -0.0304
2026-08-12 16:44:45 - tokenizer_training_rank_0 - INFO -   - VQ Loss: -0.0708
  - Recon Loss Pre: 0.0063
  - Recon Loss All: 0.0037
2026-08-12 16:45:10 - tokenizer_training_rank_0 - INFO - [Epoch 1/1, Step 1320/1403] LR: 0.000002, Loss: -0.0311
2026-08-12 16:45:10 - tokenizer_training_rank_0 - INFO -   - VQ Loss: -0.0709
  - Recon Loss Pre: 0.0056
  - Recon Loss All: 0.0032
2026-08-12 16:45:36 - tokenizer_training_rank_0 - INFO - [Epoch 1/1, Step 1330/1403] LR: 0.000001, Loss: -0.0312
2026-08-12 16:45:36 - tokenizer_training_rank_0 - INFO -   - VQ Loss: -0.0709
  - Recon Loss Pre: 0.0056
  - Recon Loss All: 0.0029
2026-08-12 16:46:01 - tokenizer_training_rank_0 - INFO - [Epoch 1/1, Step 1340/1403] LR: 0.000001, Loss: -0.0310
2026-08-12 16:46:01 - tokenizer_training_rank_0 - INFO -   - VQ Loss: -0.0709
  - Recon Loss Pre: 0.0056
  - Recon Loss All: 0.0033
2026-08-12 16:46:26 - tokenizer_training_rank_0 - INFO - [Epoch 1/1, Step 1350/1403] LR: 0.000001, Loss: -0.0311
2026-08-12 16:46:26 - tokenizer_training_rank_0 - INFO -   - VQ Loss: -0.0710
  - Recon Loss Pre: 0.0057
  - Recon Loss All: 0.0031
2026-08-12 16:46:51 - tokenizer_training_rank_0 - INFO - [Epoch 1/1, Step 1360/1403] LR: 0.000000, Loss: -0.0308
2026-08-12 16:46:51 - tokenizer_training_rank_0 - INFO -   - VQ Loss: -0.0709
  - Recon Loss Pre: 0.0059
  - Recon Loss All: 0.0034
2026-08-12 16:47:17 - tokenizer_training_rank_0 - INFO - [Epoch 1/1, Step 1370/1403] LR: 0.000000, Loss: -0.0302
2026-08-12 16:47:17 - tokenizer_training_rank_0 - INFO -   - VQ Loss: -0.0707
  - Recon Loss Pre: 0.0068
  - Recon Loss All: 0.0036
2026-08-12 16:47:42 - tokenizer_training_rank_0 - INFO - [Epoch 1/1, Step 1380/1403] LR: 0.000000, Loss: -0.0307
2026-08-12 16:47:42 - tokenizer_training_rank_0 - INFO -   - VQ Loss: -0.0710
  - Recon Loss Pre: 0.0065
  - Recon Loss All: 0.0032
2026-08-12 16:48:07 - tokenizer_training_rank_0 - INFO - [Epoch 1/1, Step 1390/1403] LR: 0.000000, Loss: -0.0310
2026-08-12 16:48:07 - tokenizer_training_rank_0 - INFO -   - VQ Loss: -0.0709
  - Recon Loss Pre: 0.0059
  - Recon Loss All: 0.0032
2026-08-12 16:48:33 - tokenizer_training_rank_0 - INFO - [Epoch 1/1, Step 1400/1403] LR: 0.000000, Loss: -0.0312
2026-08-12 16:48:33 - tokenizer_training_rank_0 - INFO -   - VQ Loss: -0.0709
  - Recon Loss Pre: 0.0054
  - Recon Loss All: 0.0031
2026-08-12 16:49:53 - tokenizer_training_rank_0 - INFO - 
--- Epoch 1/1 Summary ---
Validation Loss: 0.0044
Epoch Time: 1:00:09
Total Training Time: 1:00:09

2026-08-12 16:49:53 - tokenizer_training_rank_0 - INFO - Best model saved to: ./finetune_csv/finetuned//btc_usd_1h_test\tokenizer\best_model (validation loss: 0.0044)
2026-08-12 16:49:53 - tokenizer_training_rank_0 - INFO - Tokenizer training completed! Best validation loss: 0.0044
Training time: 60.20 minutes
Model saved to: ./finetune_csv/finetuned//btc_usd_1h_test\tokenizer
